<html>
<body>
<pre>
<h1>µVision Build Log</h1>
<h2>Tool Versions:</h2>
IDE-Version: µVision V5.15
Copyright (C) 2015 ARM Ltd and ARM Germany GmbH. All rights reserved.
License Information: Santa Claus, Workshop, LIC=----
 
Tool Versions:
Toolchain:       MDK-Lite  Version: 5.15.0
Toolchain Path:  C:\Keil_v5\ARM\ARMCC\Bin
C Compiler:      Armcc.exe V5.05 update 2 (build 169)
Assembler:       Armasm.exe V5.05 update 2 (build 169)
Linker/Locator:  ArmLink.exe V5.05 update 2 (build 169)
Library Manager: ArmAr.exe V5.05 update 2 (build 169)
Hex Converter:   FromElf.exe V5.05 update 2 (build 169)
CPU DLL:         SARMCM3.DLL V5.15.0
Dialog DLL:      DARMCM1.DLL V1.12.0.0
Target DLL:      UL2CM3.DLL V1.155.8.0
Dialog DLL:      TARMCM1.DLL V1.9.0.0
 
<h2>Project:</h2>
C:\Users\Russ\Google Drive\BLE Bracelet\peripheral\blinky\pca10028\s110\arm5\blinky_s110_pca10028.uvprojx
Project File Date:  05/27/2015

<h2>Output:</h2>
*** Using Compiler 'V5.05 update 2 (build 169)', folder: 'C:\Keil_v5\ARM\ARMCC\Bin'
Build target 'nrf51822_xxac'
compiling main.c...
linking...
Program Size: Code=444 RO-data=228 RW-data=4 ZI-data=2052  
FromELF: creating hex file...
".\_build\blink.axf" - 0 Error(s), 0 Warning(s).

<h2>Software Packages used:</h2>

Package Vendor: ARM
                http://www.keil.com/pack/ARM.CMSIS.4.3.0.pack
                ARM::CMSIS:CORE:4.1.0
                CMSIS (Cortex Microcontroller Software Interface Standard)
   * Component: CORE Version: 4.1.0

Package Vendor: NordicSemiconductor
                http://developer.nordicsemi.com/nRF51_SDK/pieces/nRF_DeviceFamilyPack/NordicSemiconductor.nRF_DeviceFamilyPack.8.0.3.pack
                NordicSemiconductor::Device:Startup:8.0.3
                Nordic Semiconductor nRF ARM devices Device Family Pack.
   * Component: Startup Version: 8.0.3

Package Vendor: NordicSemiconductor
                http://developer.nordicsemi.com/nRF51_SDK/pieces/nRF_Drivers/NordicSemiconductor.nRF_Drivers.3.0.0.pack
                NordicSemiconductor::nRF_Drivers:nrf_gpio:3.0.0
                Drivers for Nordic Semiconductor nRF family.
   * Component: nrf_gpio Version: 3.0.0
   * Component: nrf_delay Version: 3.0.0

Package Vendor: NordicSemiconductor
                http://developer.nordicsemi.com/nRF51_SDK/pieces/nRF_Examples/NordicSemiconductor.nRF_Examples.8.1.1.pack
                NordicSemiconductor::Board Support:bsp:Defines:8.1.1
                Examples and BSP for Nordic Semiconductor nRF family.
   * Component: bsp Variant: Defines Version: 8.1.1

Package Vendor: NordicSemiconductor
                http://developer.nordicsemi.com/nRF51_SDK/pieces/nRF_SoftDevice_S110/NordicSemiconductor.nRF_SoftDevice_S110.8.0.1.pack
                NordicSemiconductor::nRF_SoftDevice:s110:Present_only:8.0.1
                Components for Bluetooth Low Energy (Bluetooth Smart) S110 SoftDevice for Nordic Semiconductor nRF family.
   * Component: s110 Variant: Present_only Version: 8.0.1

Package Vendor: NordicSemiconductor
                http://developer.nordicsemi.com/nRF51_SDK/pieces/nRF_SoftDevice_Common/NordicSemiconductor.nRF_SoftDevice_Common.1.1.3.pack
                NordicSemiconductor::nRF_SoftDevice:Internal:softdevice_present:1.1.3
                Common components for Nordic Semiconductor nRF family SoftDevices.
   * Component: softdevice_present Version: 1.1.3

<h2>Collection of Component include folders:</h2>
  C:\Users\Russ\Google Drive\BLE Bracelet\peripheral\blinky\pca10028\s110\arm5\RTE
  C:\Keil_v5\ARM\PACK\ARM\CMSIS\4.3.0\CMSIS\Include
  C:\Keil_v5\ARM\PACK\NordicSemiconductor\nRF_DeviceFamilyPack\8.0.3\Device\Include
  C:\Keil_v5\ARM\PACK\NordicSemiconductor\nRF_Drivers\3.0.0\hal
  C:\Keil_v5\ARM\PACK\NordicSemiconductor\nRF_Examples\8.1.1\bsp
  C:\Keil_v5\ARM\PACK\NordicSemiconductor\nRF_SoftDevice_S110\8.0.1\headers

<h2>Collection of Component Files used:</h2>

   * Component: ARM::CMSIS:CORE:4.1.0

   * Component: NordicSemiconductor::Device:Startup:8.0.3
      Include file:  Device\Include\system_nrf51.h
      Source file:   Device\Source\arm\arm_startup_nrf51.s
      Source file:   Device\Source\system_nrf51.c

   * Component: NordicSemiconductor::nRF_Drivers:nrf_gpio:3.0.0
      Include file:  hal\nrf_gpio.h

   * Component: NordicSemiconductor::nRF_Drivers:nrf_delay:3.0.0
      Source file:   hal\nrf_delay.c
      Include file:  hal\nrf_delay.h

   * Component: NordicSemiconductor::Board Support:bsp:Defines:8.1.1

   * Component: NordicSemiconductor::nRF_SoftDevice:s110:Present_only:8.0.1
      Include file:  headers\ble_hci.h
      Include file:  headers\ble_types.h
      Include file:  headers\ble.h
      Include file:  headers\ble_gatt.h
      Include file:  headers\softdevice_assert.h
      Include file:  headers\ble_err.h
      Include file:  headers\nrf_soc.h
      Include file:  headers\ble_gattc.h
      Include file:  headers\nrf_svc.h
      Include file:  headers\nrf_sd_def.h
      Include file:  headers\ble_l2cap.h
      Include file:  headers\ble_ranges.h
      Include file:  headers\nrf_error_sdm.h
      Include file:  headers\ble_gatts.h
      Include file:  headers\nrf_error.h
      Include file:  headers\nrf_sdm.h
      Include file:  headers\ble_gap.h
      Include file:  headers\nrf_error_soc.h
      Include file:  headers\nrf_mbr.h

   * Component: NordicSemiconductor::nRF_SoftDevice:Internal:softdevice_present:1.1.3
</pre>
</body>
</html>
